../Core/Src/main.c:122:5:main	8	static
../Core/Src/main.c:217:6:SystemClock_Config	88	static
../Core/Src/main.c:263:13:MX_GPIO_Init	40	static
../Core/Src/main.c:299:6:StartDefaultTask	16	static
../Core/Src/main.c:317:6:StartLED1_Task	16	static
../Core/Src/main.c:335:6:StartLED2_Task	16	static
../Core/Src/main.c:353:6:StartLED3_Task	16	static
../Core/Src/main.c:371:6:StartLED4_Task	16	static
../Core/Src/main.c:389:6:StartLedGenericTask	32	static
../Core/Src/main.c:421:6:HAL_TIM_PeriodElapsedCallback	16	static
../Core/Src/main.c:438:6:Error_Handler	4	static,ignoring_inline_asm
