../Core/Src/main.c:114:6:PrintData	16	static
../Core/Src/main.c:122:6:LED_Toggle	16	static
../Core/Src/main.c:127:6:LED_ON	16	static
../Core/Src/main.c:132:6:LED_OFF	16	static
../Core/Src/main.c:137:9:IsButtonPressed	16	static
../Core/Src/main.c:151:6:RecursiveLEDFunction	24	static
../Core/Src/main.c:175:6:ComplexLEDPattern	16	static
../Core/Src/main.c:208:5:main	8	static
../Core/Src/main.c:303:6:SystemClock_Config	88	static
../Core/Src/main.c:349:13:MX_USART2_UART_Init	8	static
../Core/Src/main.c:382:13:MX_GPIO_Init	40	static
../Core/Src/main.c:428:6:StartDefaultTask	16	static
../Core/Src/main.c:448:6:StartBTN_Task	24	static
../Core/Src/main.c:498:6:StartLEDTask	32	static
../Core/Src/main.c:571:6:HAL_TIM_PeriodElapsedCallback	16	static
../Core/Src/main.c:588:6:Error_Handler	4	static,ignoring_inline_asm
