../Core/Src/main.c:105:6:PrintData	16	static
../Core/Src/main.c:122:5:main	8	static
../Core/Src/main.c:204:6:SystemClock_Config	88	static
../Core/Src/main.c:246:13:MX_USART2_UART_Init	8	static
../Core/Src/main.c:276:13:MX_GPIO_Init	40	static
../Core/Src/main.c:312:6:HAL_GPIO_EXTI_Callback	16	static
../Core/Src/main.c:323:6:StartDefaultTask	16	static
../Core/Src/main.c:338:6:StartLEDTask	16	static
../Core/Src/main.c:353:6:StartBTNTask	24	static
../Core/Src/main.c:391:6:Callback01	16	static
../Core/Src/main.c:414:6:HAL_TIM_PeriodElapsedCallback	16	static
../Core/Src/main.c:429:6:Error_Handler	4	static
